{
  "data": {
    "generateBracket": {
      "rounds": [
        {
          "games": [
            {
              "participantNrs": [
                1,
                2,
                3,
                4
              ]
            },
            {
              "participantNrs": [
                5,
                6,
                7,
                8
              ]
            },
            {
              "participantNrs": [
                9,
                10,
                11,
                12
              ]
            },
            {
              "participantNrs": [
                13,
                14,
                15,
                16
              ]
            },
            {
              "participantNrs": [
                17,
                18,
                19,
                20
              ]
            }
          ]
        },
        {
          "games": [
            {
              "participantNrs": [
                5,
                10,
                15,
                20
              ]
            },
            {
              "participantNrs": [
                4,
                9,
                14,
                19
              ]
            },
            {
              "participantNrs": [
                3,
                8,
                13,
                18
              ]
            },
            {
              "participantNrs": [
                2,
                7,
                12,
                17
              ]
            },
            {
              "participantNrs": [
                1,
                6,
                11,
                16
              ]
            }
          ]
        },
        {
          "games": [
            {
              "participantNrs": [
                7,
                9,
                16,
                18
              ]
            },
            {
              "participantNrs": [
                2,
                11,
                13,
                20
              ]
            },
            {
              "participantNrs": [
                4,
                6,
                15,
                17
              ]
            },
            {
              "participantNrs": [
                1,
                8,
                10,
                19
              ]
            },
            {
              "participantNrs": [
                3,
                5,
                12,
                14
              ]
            }
          ]
        },
        {
          "games": [
            {
              "participantNrs": [
                6,
                12,
                13,
                19
              ]
            },
            {
              "participantNrs": [
                3,
                10,
                16,
                17
              ]
            },
            {
              "participantNrs": [
                1,
                7,
                14,
                20
              ]
            },
            {
              "participantNrs": [
                4,
                5,
                11,
                18
              ]
            },
            {
              "participantNrs": [
                2,
                8,
                9,
                15
              ]
            }
          ]
        }
      ]
    }
  }
}
